Watching for file changes with StatReloader
Not Found: /api/products/create/
[12/Nov/2025 17:43:43] "POST /api/products/create/ HTTP/1.1" 404 4161
Not Found: /api/products/create/
[12/Nov/2025 17:44:42] "POST /api/products/create/ HTTP/1.1" 404 4161
[12/Nov/2025 17:45:08] "OPTIONS /api/products/create/ HTTP/1.1" 200 0
Not Found: /api/products/create/
[12/Nov/2025 17:45:08] "POST /api/products/create/ HTTP/1.1" 404 4161
/home/igorjus/Downloads/code/backend/products/urls.py changed, reloading.
Performing system checks...

System check identified no issues (0 silenced).
November 12, 2025 - 17:43:34
Django version 5.2.8, using settings 'aquitemfcte.settings'
Starting development server at http://127.0.0.1:8003/
Quit the server with CONTROL-C.

WARNING: This is a development server. Do not use it in a production setting. Use a production WSGI or ASGI server instead.
For more information on production servers see: https://docs.djangoproject.com/en/5.2/howto/deployment/
Watching for file changes with StatReloader
/home/igorjus/Downloads/code/backend/products/views.py changed, reloading.
Performing system checks...

System check identified no issues (0 silenced).
November 12, 2025 - 18:59:36
Django version 5.2.8, using settings 'aquitemfcte.settings'
Starting development server at http://127.0.0.1:8003/
Quit the server with CONTROL-C.

WARNING: This is a development server. Do not use it in a production setting. Use a production WSGI or ASGI server instead.
For more information on production servers see: https://docs.djangoproject.com/en/5.2/howto/deployment/
Watching for file changes with StatReloader
